#-----------------------------------------------------------
# Webtalk v2018.3 (64-bit)
# SW Build 2405991 on Thu Dec  6 23:38:27 MST 2018
# IP Build 2404404 on Fri Dec  7 01:43:56 MST 2018
# Start of session at: Tue Apr 27 19:33:06 2021
# Process ID: 21984
# Current directory: E:/elektronika-notatki/Rok_IV/SDUP/SDUP-FPGA/Lab7/CordicOpt/CordicOpt.sim/sim_1/impl/timing/xsim
# Command line: wbtcv.exe -mode batch -source E:/elektronika-notatki/Rok_IV/SDUP/SDUP-FPGA/Lab7/CordicOpt/CordicOpt.sim/sim_1/impl/timing/xsim/xsim.dir/cordic_rtl_TB_time_impl/webtalk/xsim_webtalk.tcl -notrace
# Log file: E:/elektronika-notatki/Rok_IV/SDUP/SDUP-FPGA/Lab7/CordicOpt/CordicOpt.sim/sim_1/impl/timing/xsim/webtalk.log
# Journal file: E:/elektronika-notatki/Rok_IV/SDUP/SDUP-FPGA/Lab7/CordicOpt/CordicOpt.sim/sim_1/impl/timing/xsim\webtalk.jou
#-----------------------------------------------------------
source E:/elektronika-notatki/Rok_IV/SDUP/SDUP-FPGA/Lab7/CordicOpt/CordicOpt.sim/sim_1/impl/timing/xsim/xsim.dir/cordic_rtl_TB_time_impl/webtalk/xsim_webtalk.tcl -notrace
