#-----------------------------------------------------------
# Vivado v2018.3 (64-bit)
# SW Build 2405991 on Thu Dec  6 23:38:27 MST 2018
# IP Build 2404404 on Fri Dec  7 01:43:56 MST 2018
# Start of session at: Tue Jun 22 20:05:54 2021
# Process ID: 8424
# Current directory: E:/elektronika-notatki/Rok_IV/SDUP/SDUP-FPGA/Adder
# Command line: vivado.exe -gui_launcher_event rodinguilauncherevent3460 E:\elektronika-notatki\Rok_IV\SDUP\SDUP-FPGA\Adder\Adder.xpr
# Log file: E:/elektronika-notatki/Rok_IV/SDUP/SDUP-FPGA/Adder/vivado.log
# Journal file: E:/elektronika-notatki/Rok_IV/SDUP/SDUP-FPGA/Adder\vivado.jou
#-----------------------------------------------------------
start_gui
open_project E:/elektronika-notatki/Rok_IV/SDUP/SDUP-FPGA/Adder/Adder.xpr
update_compile_order -fileset sources_1
launch_simulation
source AdderTb.tcl
relaunch_sim
relaunch_sim
close_sim
reset_run synth_1
launch_runs synth_1 -jobs 4
wait_on_run synth_1
open_run synth_1 -name synth_1
launch_simulation -mode post-synthesis -type timing
source AdderTb.tcl
relaunch_sim
close_sim
report_timing -from [get_ports X[0]] -to [get_ports S[255]]
report_timing -from [get_ports X[255]] -to [get_ports S[255]]
# Disabling source management mode.  This is to allow the top design properties to be set without GUI intervention.
set_property source_mgmt_mode None [current_project]
set_property top b256CSA [current_fileset]
# Re-enabling previously disabled source management mode.
set_property source_mgmt_mode All [current_project]
update_compile_order -fileset sources_1
reset_run synth_1
launch_runs synth_1 -jobs 4
wait_on_run synth_1
close_design
open_run synth_1 -name synth_1
report_timing -from [get_ports a[0]] -to [get_ports sum[255]]
report_timing -from [get_ports a[255]] -to [get_ports sum[255]]
